NOME: Luiz Felipe Oliveira Gurgel Amaral
NMEC: 131727

log: novouser
pass: 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
Comandos:

dvorak@Nytherion:~$ pwd
/home/dvorak
dvorak@Nytherion:~$ git clone https://github.com/luizgamaral/LI2025-Teste03.git
Cloning into 'LI2025-Teste03'...
warning: You appear to have cloned an empty repository.
dvorak@Nytherion:~$ ls
LI2025-Teste03
dvorak@Nytherion:~$ cd LI2025-Teste03/
dvorak@Nytherion:~/LI2025-Teste03$ mkdir A-131727
dvorak@Nytherion:~/LI2025-Teste03$ ls
A-131727
dvorak@Nytherion:~/LI2025-Teste03$ cd A-131727/
dvorak@Nytherion:~/LI2025-Teste03/A-131727$ touch README.md
dvorak@Nytherion:~/LI2025-Teste03/A-131727$ echo "Teste de LI 2025/2026" > README.md
dvorak@Nytherion:~/LI2025-Teste03/A-131727$ cat README.md
Teste de LI 2025/2026
dvorak@Nytherion:~/LI2025-Teste03/A-131727$ git status
On branch main

No commits yet

Untracked files:
  (use "git add <file>..." to include in what will be committed)
        ./

nothing added to commit but untracked files present (use "git add" to track)
dvorak@Nytherion:~/LI2025-Teste03/A-131727$ git add .
dvorak@Nytherion:~/LI2025-Teste03/A-131727$ git status
On branch main

No commits yet

Changes to be committed:
  (use "git rm --cached <file>..." to unstage)
        new file:   README.md

dvorak@Nytherion:~/LI2025-Teste03/A-131727$ git commit -a
[main (root-commit) cfaefd0] 2ª tarefa concluída
 Committer: Ubuntu <dvorak@Nytherion.ggqtoxo5cfoena3aixwiih5fhg.zrhx.internal.cloudapp.net>
Your name and email address were configured automatically based
on your username and hostname. Please check that they are accurate.
You can suppress this message by setting them explicitly. Run the
following command and follow the instructions in your editor to edit
your configuration file:

    git config --global --edit

After doing this, you may fix the identity used for this commit with:

    git commit --amend --reset-author

 1 file changed, 1 insertion(+)
 create mode 100644 A-131727/README.md

Devido a alguns bugs criei um novo terminal
novo terminal:

dvorak@Nytherion:~$ ls
LI2025-Teste03
dvorak@Nytherion:~$ cd LI2025-Teste03/
dvorak@Nytherion:~/LI2025-Teste03$ ls
A-131727
dvorak@Nytherion:~/LI2025-Teste03$ cd A-131727/
dvorak@Nytherion:~/LI2025-Teste03/A-131727$ ls
README.md
dvorak@Nytherion:~/LI2025-Teste03/A-131727$ git status
On branch main
nothing to commit, working tree clean
dvorak@Nytherion:~/LI2025-Teste03/A-131727$ git push origin main
Username for 'https://github.com': novouser
Password for 'https://novouser@github.com':
Enumerating objects: 4, done.
Counting objects: 100% (4/4), done.
Writing objects: 100% (4/4), 326 bytes | 326.00 KiB/s, done.
Total 4 (delta 0), reused 0 (delta 0), pack-reused 0
To https://github.com/luizgamaral/LI2025-Teste03.git
 * [new branch]      main -> main
dvorak@Nytherion:~/LI2025-Teste03/A-131727$